Starting custom FedEx tracking test
URL: https://apis.fedex.com/track/v1/associatedshipments
Status: 200
Text: {"transactionId":"46fffd52-44a2-4e6f-b85d-e1ba09946465","output":{"completeTrackResults":[{"trackingNumber":"888960988286","pagingDetail":{"moreDataAvailable":false},"trackResults":[{"trackingNumberInfo":{"trackingNumber":"888960988286","trackingNumberUniqueId":"2461093000~888960988286~FX","carrierCode":"FDXE"},"additionalTrackingInfo":{"nickname":"","packageIdentifiers":[{"type":"STANDARD_MPS","values":["888960988286"],"trackingNumberUniqueId":"2461093000","carrierCode":""},{"type":"INVOICE","values":["EXPI-V-2526-1606"],"trackingNumberUniqueId":"","carrierCode":""},{"type":"SHIPPER_REFERENCE","values":["SMALL STEP, ACTION1, FUDO"],"trackingNumberUniqueId":"","carrierCode":""}],"hasAssociatedShipments":true},"shipperInformation":{"contact":{},"address":{"city":"JUCHANDRA","stateOrProvinceCode":"MH","countryCode":"IN","residential":false,"countryName":"India"}},"recipientInformation":{"contact":{},"address":{"city":"IRVING","stateOrProvinceCode":"TX","countryCode":"US","residential":false,"countryName":"United States"}},"latestStatusDetail":{"code":"DL","derivedCode":"DL","statusByLocale":"Delivered","description":"Delivered","scanLocation":{"city":"IRVING","stateOrProvinceCode":"TX","countryCode":"US","residential":false,"countryName":"United States"}},"dateAndTimes":[{"type":"ACTUAL_DELIVERY","dateTime":"2026-03-02T11:14:00-06:00"},{"type":"ACTUAL_PICKUP","dateTime":"2026-02-23T14:08:00+05:30"},{"type":"SHIP","dateTime":"2026-02-24T00:00:00+00:00"},{"type":"ACTUAL_TENDER","dateTime":"2026-02-23T14:08:00+05:30"}],"availableImages":[{"type":"SIGNATURE_PROOF_OF_DELIVERY"}],"specialHandlings":[{"type":"DELIVER_WEEKDAY","description":"Deliver Weekday","paymentType":"OTHER"}],"packageDetails":{"packagingDescription":{"type":"YOUR_PACKAGING","description":"Your Packaging"},"sequenceNumber":"1","count":"4","weightAndDimensions":{"weight":[{"value":"23.9","unit":"KG"},{"value":"52.69","unit":"LB"}],"dimensions":[{"length":39,"width":19,"height":14,"units":"IN"},{"length":99,"width":48,"height":35,"units":"CM"}]},"packageContent":[]},"shipmentDetails":{"possessionStatus":true,"weight":[{"value":"77.0","unit":"KG"},{"value":"169.76","unit":"LB"}]},"scanEvents":[{"date":"2026-03-02T11:14:00-06:00","eventType":"DL","eventDescription":"Delivered","exceptionCode":"","exceptionDescription":"","scanLocation":{"streetLines":[""],"city":"IRVING","stateOrProvinceCode":"TX","postalCode":"75063","countryCode":"US","residential":false,"countryName":"United States"},"locationId":"DALA","locationType":"DELIVERY_LOCATION","derivedStatusCode":"DL","derivedStatus":"Delivered"}],"availableNotifications":["ON_DELIVERY"],"deliveryDetails":{"actualDeliveryAddress":{"city":"IRVING","stateOrProvinceCode":"TX","countryCode":"US","residential":false,"countryName":"United States"},"locationType":"SHIPPING_RECEIVING","locationDescription":"Shipping/Receiving","deliveryAttempts":"0","receivedByName":"N.Beal","deliveryOptionEligibilityDetails":[{"option":"INDIRECT_SIGNATURE_RELEASE","eligibility":"INELIGIBLE"},{"option":"REDIRECT_TO_HOLD_AT_LOCATION","eligibility":"INELIGIBLE"},{"option":"REROUTE","eligibility":"INELIGIBLE"},{"option":"RESCHEDULE","eligibility":"INELIGIBLE"},{"option":"RETURN_TO_SHIPPER","eligibility":"INELIGIBLE"},{"option":"DISPUTE_DELIVERY","eligibility":"POSSIBLY_ELIGIBLE"},{"option":"SUPPLEMENT_ADDRESS","eligibility":"INELIGIBLE"}]},"originLocation":{"locationContactAndAddress":{"address":{"city":"MUMBAI","stateOrProvinceCode":"MH","countryCode":"IN","residential":false,"countryName":"India"}},"locationId":"BOMCL"},"destinationLocation":{"locationContactAndAddress":{"address":{"city":"IRVING","stateOrProvinceCode":"TX","countryCode":"US","residential":false,"countryName":"United States"}},"locationType":""},"lastUpdatedDestinationAddress":{"city":"IRVING","stateOrProvinceCode":"TX","countryCode":"US","residential":false,"countryName":"United States"},"serviceDetail":{"type":"FEDEX_INTERNATIONAL_PRIORITY","description":"FedEx International Priority","shortDescription":"IPED"},"standardTransitTimeWindow":{"window":{"ends":"2026-02-26T17:00:00-06:00"}},"estimatedDeliveryTimeWindow":{"window":{}},"goodsClassificationCode":"","returnDetail":{}},{"trackingNumberInfo":{"trackingNumber":"888960988297","trackingNumberUniqueId":"2461093000~888960988297~FX","carrierCode":"FDXE"},"additionalTrackingInfo":{"nickname":"","packageIdentifiers":[{"type":"STANDARD_MPS","values":["888960988286"],"trackingNumberUniqueId":"2461093000","carrierCode":""},{"type":"INVOICE","values":["EXPI-V-2526-1606"],"trackingNumberUniqueId":"","carrierCode":""},{"type":"SHIPPER_REFERENCE","values":["SMALL STEP, ACTION1, FUDO"],"trackingNumberUniqueId":"","carrierCode":""}],"hasAssociatedShipments":true},"shipperInformation":{"contact":{},"address":{"city":"JUCHANDRA","stateOrProvinceCode":"MH","countryCode":"IN","residential":false,"countryName":"India"}},"recipientInformation":{"contact":{},"address":{"city":"IRVING","stateOrProvinceCode":"TX","countryCode":"US","residential":false,"countryName":"United States"}},"latestStatusDetail":{"code":"DL","derivedCode":"DL","statusByLocale":"Delivered","description":"Delivered","scanLocation":{"city":"IRVING","stateOrProvinceCode":"TX","countryCode":"US","residential":false,"countryName":"United States"}},"dateAndTimes":[{"type":"ACTUAL_DELIVERY","dateTime":"2026-02-27T11:01:00-06:00"},{"type":"ACTUAL_PICKUP","dateTime":"2026-02-23T14:08:00+05:30"},{"type":"SHIP","dateTime":"2026-02-24T00:00:00+00:00"},{"type":"ACTUAL_TENDER","dateTime":"2026-02-23T14:08:00+05:30"}],"availableImages":[{"type":"SIGNATURE_PROOF_OF_DELIVERY"}],"specialHandlings":[{"type":"DELIVER_WEEKDAY","description":"Deliver Weekday","paymentType":"OTHER"}],"packageDetails":{"packagingDescription":{"type":"YOUR_PACKAGING","description":"Your Packaging"},"sequenceNumber":"2","count":"4","weightAndDimensions":{"weight":[{"value":"16.3","unit":"KG"},{"value":"35.94","unit":"LB"}],"dimensions":[{"length":40,"width":18,"height":10,"units":"IN"},{"length":101,"width":45,"height":25,"units":"CM"}]},"packageContent":[]},"shipmentDetails":{"possessionStatus":true,"weight":[{"value":"77.0","unit":"KG"},{"value":"169.76","unit":"LB"}]},"scanEvents":[{"date":"2026-02-27T11:01:00-06:00","eventType":"DL","eventDescription":"Delivered","exceptionCode":"","exceptionDescription":"","scanLocation":{"streetLines":[""],"city":"IRVING","stateOrProvinceCode":"TX","postalCode":"75063","countryCode":"US","residential":false,"countryName":"United States"},"locationId":"DALA","locationType":"DELIVERY_LOCATION","derivedStatusCode":"DL","derivedStatus":"Delivered"}],"availableNotifications":["ON_DELIVERY"],"deliveryDetails":{"actualDeliveryAddress":{"city":"IRVING","stateOrProvinceCode":"TX","countryCode":"US","residential":false,"countryName":"United States"},"locationType":"SHIPPING_RECEIVING","locationDescription":"Shipping/Receiving","deliveryAttempts":"0","receivedByName":"L.Salgero","deliveryOptionEligibilityDetails":[{"option":"INDIRECT_SIGNATURE_RELEASE","eligibility":"INELIGIBLE"},{"option":"REDIRECT_TO_HOLD_AT_LOCATION","eligibility":"INELIGIBLE"},{"option":"REROUTE","eligibility":"INELIGIBLE"},{"option":"RESCHEDULE","eligibility":"INELIGIBLE"},{"option":"RETURN_TO_SHIPPER","eligibility":"INELIGIBLE"},{"option":"DISPUTE_DELIVERY","eligibility":"POSSIBLY_ELIGIBLE"},{"option":"SUPPLEMENT_ADDRESS","eligibility":"INELIGIBLE"}]},"originLocation":{"locationContactAndAddress":{"address":{"city":"MUMBAI","stateOrProvinceCode":"MH","countryCode":"IN","residential":false,"countryName":"India"}},"locationId":"BOMCL"},"destinationLocation":{"locationContactAndAddress":{"address":{"city":"IRVING","stateOrProvinceCode":"TX","countryCode":"US","residential":false,"countryName":"United States"}},"locationType":""},"lastUpdatedDestinationAddress":{"city":"IRVING","stateOrProvinceCode":"TX","countryCode":"US","residential":false,"countryName":"United States"},"serviceDetail":{"type":"FEDEX_INTERNATIONAL_PRIORITY","description":"FedEx International Priority","shortDescription":"IPED"},"standardTransitTimeWindow":{"window":{"ends":"2026-02-26T17:00:00-06:00"}},"estimatedDeliveryTimeWindow":{"window":{}},"goodsClassificationCode":"","returnDetail":{}},{"trackingNumberInfo":{"trackingNumber":"888960988301","trackingNumberUniqueId":"2461093000~888960988301~FX","carrierCode":"FDXE"},"additionalTrackingInfo":{"nickname":"","packageIdentifiers":[{"type":"STANDARD_MPS","values":["888960988286"],"trackingNumberUniqueId":"2461093000","carrierCode":""},{"type":"INVOICE","values":["EXPI-V-2526-1606"],"trackingNumberUniqueId":"","carrierCode":""},{"type":"SHIPPER_REFERENCE","values":["SMALL STEP, ACTION1, FUDO"],"trackingNumberUniqueId":"","carrierCode":""}],"hasAssociatedShipments":true},"shipperInformation":{"contact":{},"address":{"city":"JUCHANDRA","stateOrProvinceCode":"MH","countryCode":"IN","residential":false,"countryName":"India"}},"recipientInformation":{"contact":{},"address":{"city":"IRVING","stateOrProvinceCode":"TX","countryCode":"US","residential":false,"countryName":"United States"}},"latestStatusDetail":{"code":"DL","derivedCode":"DL","statusByLocale":"Delivered","description":"Delivered","scanLocation":{"city":"IRVING","stateOrProvinceCode":"TX","countryCode":"US","residential":false,"countryName":"United States"}},"dateAndTimes":[{"type":"ACTUAL_DELIVERY","dateTime":"2026-03-02T11:14:00-06:00"},{"type":"ACTUAL_PICKUP","dateTime":"2026-02-23T14:08:00+05:30"},{"type":"SHIP","dateTime":"2026-02-24T00:00:00+00:00"},{"type":"ACTUAL_TENDER","dateTime":"2026-02-23T14:08:00+05:30"}],"availableImages":[{"type":"SIGNATURE_PROOF_OF_DELIVERY"}],"specialHandlings":[{"type":"DELIVER_WEEKDAY","description":"Deliver Weekday","paymentType":"OTHER"}],"packageDetails":{"packagingDescription":{"type":"YOUR_PACKAGING","description":"Your Packaging"},"sequenceNumber":"3","count":"4","weightAndDimensions":{"weight":[{"value":"24.4","unit":"KG"},{"value":"53.79","unit":"LB"}],"dimensions":[{"length":99,"width":43,"height":36,"units":"CM"},{"length":38,"width":16,"height":14,"units":"IN"}]},"packageContent":[]},"shipmentDetails":{"possessionStatus":true,"weight":[{"value":"77.0","unit":"KG"},{"value":"169.76","unit":"LB"}]},"scanEvents":[{"date":"2026-03-02T11:14:00-06:00","eventType":"DL","eventDescription":"Delivered","exceptionCode":"","exceptionDescription":"","scanLocation":{"streetLines":[""],"city":"IRVING","stateOrProvinceCode":"TX","postalCode":"75063","countryCode":"US","residential":false,"countryName":"United States"},"locationId":"DALA","locationType":"DELIVERY_LOCATION","derivedStatusCode":"DL","derivedStatus":"Delivered"}],"availableNotifications":["ON_DELIVERY"],"deliveryDetails":{"actualDeliveryAddress":{"city":"IRVING","stateOrProvinceCode":"TX","countryCode":"US","residential":false,"countryName":"United States"},"locationType":"SHIPPING_RECEIVING","locationDescription":"Shipping/Receiving","deliveryAttempts":"0","receivedByName":"N.Beal","deliveryOptionEligibilityDetails":[{"option":"INDIRECT_SIGNATURE_RELEASE","eligibility":"INELIGIBLE"},{"option":"REDIRECT_TO_HOLD_AT_LOCATION","eligibility":"INELIGIBLE"},{"option":"REROUTE","eligibility":"INELIGIBLE"},{"option":"RESCHEDULE","eligibility":"INELIGIBLE"},{"option":"RETURN_TO_SHIPPER","eligibility":"INELIGIBLE"},{"option":"DISPUTE_DELIVERY","eligibility":"POSSIBLY_ELIGIBLE"},{"option":"SUPPLEMENT_ADDRESS","eligibility":"INELIGIBLE"}]},"originLocation":{"locationContactAndAddress":{"address":{"city":"MUMBAI","stateOrProvinceCode":"MH","countryCode":"IN","residential":false,"countryName":"India"}},"locationId":"BOMCL"},"destinationLocation":{"locationContactAndAddress":{"address":{"city":"IRVING","stateOrProvinceCode":"TX","countryCode":"US","residential":false,"countryName":"United States"}},"locationType":""},"lastUpdatedDestinationAddress":{"city":"IRVING","stateOrProvinceCode":"TX","countryCode":"US","residential":false,"countryName":"United States"},"serviceDetail":{"type":"FEDEX_INTERNATIONAL_PRIORITY","description":"FedEx International Priority","shortDescription":"IPED"},"standardTransitTimeWindow":{"window":{"ends":"2026-02-26T17:00:00-06:00"}},"estimatedDeliveryTimeWindow":{"window":{}},"goodsClassificationCode":"","returnDetail":{}},{"trackingNumberInfo":{"trackingNumber":"888960988312","trackingNumberUniqueId":"2461093000~888960988312~FX","carrierCode":"FDXE"},"additionalTrackingInfo":{"nickname":"","packageIdentifiers":[{"type":"STANDARD_MPS","values":["888960988286"],"trackingNumberUniqueId":"2461093000","carrierCode":""},{"type":"INVOICE","values":["EXPI-V-2526-1606"],"trackingNumberUniqueId":"","carrierCode":""},{"type":"SHIPPER_REFERENCE","values":["SMALL STEP, ACTION1, FUDO"],"trackingNumberUniqueId":"","carrierCode":""}],"hasAssociatedShipments":true},"shipperInformation":{"contact":{},"address":{"city":"JUCHANDRA","stateOrProvinceCode":"MH","countryCode":"IN","residential":false,"countryName":"India"}},"recipientInformation":{"contact":{},"address":{"city":"IRVING","stateOrProvinceCode":"TX","countryCode":"US","residential":false,"countryName":"United States"}},"latestStatusDetail":{"code":"DL","derivedCode":"DL","statusByLocale":"Delivered","description":"Delivered","scanLocation":{"city":"IRVING","stateOrProvinceCode":"TX","countryCode":"US","residential":false,"countryName":"United States"}},"dateAndTimes":[{"type":"ACTUAL_DELIVERY","dateTime":"2026-03-02T11:14:00-06:00"},{"type":"ACTUAL_PICKUP","dateTime":"2026-02-23T14:09:00+05:30"},{"type":"SHIP","dateTime":"2026-02-24T00:00:00+00:00"},{"type":"ACTUAL_TENDER","dateTime":"2026-02-23T14:09:00+05:30"}],"availableImages":[{"type":"SIGNATURE_PROOF_OF_DELIVERY"}],"specialHandlings":[{"type":"DELIVER_WEEKDAY","description":"Deliver Weekday","paymentType":"OTHER"}],"packageDetails":{"packagingDescription":{"type":"YOUR_PACKAGING","description":"Your Packaging"},"sequenceNumber":"4","count":"4","weightAndDimensions":{"weight":[{"value":"11.8","unit":"KG"},{"value":"26.01","unit":"LB"}],"dimensions":[{"length":39,"width":16,"height":9,"units":"IN"},{"length":99,"width":40,"height":22,"units":"CM"}]},"packageContent":[]},"shipmentDetails":{"possessionStatus":true,"weight":[{"value":"77.0","unit":"KG"},{"value":"169.76","unit":"LB"}]},"scanEvents":[{"date":"2026-03-02T11:14:00-06:00","eventType":"DL","eventDescription":"Delivered","exceptionCode":"","exceptionDescription":"","scanLocation":{"streetLines":[""],"city":"IRVING","stateOrProvinceCode":"TX","postalCode":"75063","countryCode":"US","residential":false,"countryName":"United States"},"locationId":"DALA","locationType":"DELIVERY_LOCATION","derivedStatusCode":"DL","derivedStatus":"Delivered"}],"availableNotifications":["ON_DELIVERY"],"deliveryDetails":{"actualDeliveryAddress":{"city":"IRVING","stateOrProvinceCode":"TX","countryCode":"US","residential":false,"countryName":"United States"},"locationType":"SHIPPING_RECEIVING","locationDescription":"Shipping/Receiving","deliveryAttempts":"0","receivedByName":"N.Beal","deliveryOptionEligibilityDetails":[{"option":"INDIRECT_SIGNATURE_RELEASE","eligibility":"INELIGIBLE"},{"option":"REDIRECT_TO_HOLD_AT_LOCATION","eligibility":"INELIGIBLE"},{"option":"REROUTE","eligibility":"INELIGIBLE"},{"option":"RESCHEDULE","eligibility":"INELIGIBLE"},{"option":"RETURN_TO_SHIPPER","eligibility":"INELIGIBLE"},{"option":"DISPUTE_DELIVERY","eligibility":"POSSIBLY_ELIGIBLE"},{"option":"SUPPLEMENT_ADDRESS","eligibility":"INELIGIBLE"}]},"originLocation":{"locationContactAndAddress":{"address":{"city":"MUMBAI","stateOrProvinceCode":"MH","countryCode":"IN","residential":false,"countryName":"India"}},"locationId":"BOMCL"},"destinationLocation":{"locationContactAndAddress":{"address":{"city":"IRVING","stateOrProvinceCode":"TX","countryCode":"US","residential":false,"countryName":"United States"}},"locationType":""},"lastUpdatedDestinationAddress":{"city":"IRVING","stateOrProvinceCode":"TX","countryCode":"US","residential":false,"countryName":"United States"},"serviceDetail":{"type":"FEDEX_INTERNATIONAL_PRIORITY","description":"FedEx International Priority","shortDescription":"IPED"},"standardTransitTimeWindow":{"window":{"ends":"2026-02-26T17:00:00-06:00"}},"estimatedDeliveryTimeWindow":{"window":{}},"goodsClassificationCode":"","returnDetail":{}}]}]}}
Result: {'carrier': 'FedEx', 'status': 'Delivered', 'raw_status': 'Delivered', 'origin': 'MUMBAI, MH', 'destination': 'IRVING, TX', 'eta': '2026-03-02', 'progress': 100, 'history': [{'description': 'Delivered', 'location': 'IRVING, TX', 'status': 'Delivered', 'date': '2026-03-02T11:14:00-06:00'}, {'description': 'On FedEx vehicle for delivery', 'location': 'IRVING, TX', 'status': 'OD', 'date': '2026-03-02T05:36:41-06:00'}, {'description': 'At local FedEx facility', 'location': 'IRVING, TX', 'status': 'Arrived', 'date': '2026-03-02T05:27:16-06:00'}, {'description': 'At local FedEx facility', 'location': 'IRVING, TX', 'status': 'Arrived', 'date': '2026-02-28T20:10:00-06:00'}, {'description': 'At destination sort facility', 'location': 'DALLAS, TX', 'status': 'Arrived', 'date': '2026-02-27T23:33:00-06:00'}, {'description': 'Departed FedEx hub', 'location': 'MEMPHIS, TN', 'status': 'Departed', 'date': '2026-02-27T15:10:00-06:00'}, {'description': 'On the way', 'location': 'MEMPHIS, TN', 'status': 'In Transit', 'date': '2026-02-27T06:56:00-06:00'}, {'description': 'International shipment release - Import', 'location': 'MEMPHIS, TN', 'status': 'Customs Cleared', 'date': '2026-02-27T04:35:00-06:00'}, {'description': 'On the way', 'location': 'MEMPHIS, TN', 'status': 'In Transit', 'date': '2026-02-26T16:36:00-06:00'}, {'description': 'On the way', 'location': 'MEMPHIS, TN', 'status': 'In Transit', 'date': '2026-02-26T10:26:00-06:00'}, {'description': 'Arrived at FedEx hub', 'location': 'MEMPHIS, TN', 'status': 'Arrived', 'date': '2026-02-26T09:46:00-06:00'}, {'description': 'On the way', 'location': 'GUANGZHOU', 'status': 'In Transit', 'date': '2026-02-26T09:12:00+08:00'}, {'description': 'Departed FedEx hub', 'location': 'GUANGZHOU', 'status': 'Departed', 'date': '2026-02-26T05:53:00+08:00'}, {'description': 'Arrived at FedEx hub', 'location': 'GUANGZHOU', 'status': 'Arrived', 'date': '2026-02-26T03:21:00+08:00'}, {'description': 'Departed FedEx hub', 'location': 'ANCHORAGE, AK', 'status': 'Departed', 'date': '2026-02-26T01:17:00-09:00'}, {'description': 'Arrived at FedEx hub', 'location': 'ANCHORAGE, AK', 'status': 'Arrived', 'date': '2026-02-25T22:14:00-09:00'}, {'description': 'On the way', 'location': 'DUBAI WORLD CENTRAL, DU', 'status': 'In Transit', 'date': '2026-02-25T16:23:00+04:00'}, {'description': 'International shipment release - Export', 'location': 'MUMBAI, MH', 'status': 'Customs Cleared', 'date': '2026-02-24T23:50:00+05:30'}, {'description': 'On the way', 'location': 'MUMBAI, MH', 'status': 'In Transit', 'date': '2026-02-24T16:52:00+05:30'}, {'description': 'On the way', 'location': 'MUMBAI, MH', 'status': 'In Transit', 'date': '2026-02-23T16:55:00+05:30'}, {'description': 'Left FedEx origin facility', 'location': 'MUMBAI, MH', 'status': 'Departed', 'date': '2026-02-23T14:10:00+05:30'}, {'description': 'Picked up', 'location': 'MUMBAI, MH', 'status': 'Picked Up', 'date': '2026-02-23T14:08:00+05:30'}, {'description': 'Shipment information sent to FedEx', 'location': '', 'status': 'Order Created', 'date': '2026-02-21T06:59:03-06:00'}], 'master_tracking_number': '888960988286', 'is_master': True, 'child_parcels': [{'tracking_number': '888960988297', 'status': 'Delivered', 'raw_status': 'Delivered', 'origin': 'MUMBAI, MH', 'destination': 'IRVING, TX', 'eta': '2026-02-27', 'carrier': 'FedEx'}, {'tracking_number': '888960988301', 'status': 'Delivered', 'raw_status': 'Delivered', 'origin': 'MUMBAI, MH', 'destination': 'IRVING, TX', 'eta': '2026-03-02', 'carrier': 'FedEx'}, {'tracking_number': '888960988312', 'status': 'Delivered', 'raw_status': 'Delivered', 'origin': 'MUMBAI, MH', 'destination': 'IRVING, TX', 'eta': '2026-03-02', 'carrier': 'FedEx'}], 'child_tracking_numbers': ['888960988297', '888960988301', '888960988312']}
